{
    "timestamp": "2026-02-09 15:09:20",
    "type": "db_exception",
    "message": "SQLSTATE[42S22]: Column not found: 1054 Unknown column 'tgl_selesai' in 'field list' (Connection: safaco, SQL: insert into `spk_produksi` (`id_spk_produksi`, `no_spk`, `nama_spk`, `tgl_spk`, `tgl_mulai`, `tgl_selesai`, `jenis_produksi`, `jenis_pengerjaan`, `prioritas_produksi`, `status_spk`, `created_by`) values (SPK_E0cdNxS3Ak2Rb2OCPmvkOn6ZOadfSgYA, 001\/SPK\/XII\/2025, 001, 04\/12\/2025, 2026-02-09 15:09:00, 2026-02-09 15:09:00, JENPRO_CvqFr4RXcmRx2ys9tuXMhlUIKSgYA, JENPRO_e5MNat4PRs4jHyno7OeQcK558eSgYA, dgdsgdsgsg, draft, US-240820-e7604333-17241258-5e4f5cb))",
    "code": "42S22",
    "file": "D:\\laragon\\www\\SSO-KARSA\\sistem-safaco\\public\\vendor\\illuminate\\database\\Connection.php",
    "line": 822,
    "sql_state": null,
    "post_data": {
        "id_spk_produksi": "SPK_E0cdNxS3Ak2Rb2OCPmvkOn6ZOadfSgYA",
        "routes": "spk-produksi",
        "action": "ET6BVc7O9yX8XbXjZofm7P-jdvmcAwv83NgQ-H9AZkI",
        "csrf_token": "6e4efe0e281c4b7069b5c86aa9b057ef",
        "no_spk": "001\/SPK\/XII\/2025",
        "nama_spk": "001",
        "tgl_spk": "04\/12\/2025",
        "tgl_mulai": "2026-02-09T15:09",
        "tgl_selesai": "2026-02-09T15:09",
        "jenis_produksi": "JENPRO_CvqFr4RXcmRx2ys9tuXMhlUIKSgYA",
        "jenis_pengerjaan": "JENPRO_e5MNat4PRs4jHyno7OeQcK558eSgYA",
        "prioritas_produksi": "dgdsgdsgsg",
        "status": "draft",
        "honeypot": ""
    },
    "insert_data": {
        "id_spk_produksi": "SPK_E0cdNxS3Ak2Rb2OCPmvkOn6ZOadfSgYA",
        "no_spk": "001\/SPK\/XII\/2025",
        "nama_spk": "001",
        "tgl_spk": "04\/12\/2025",
        "tgl_mulai": "2026-02-09 15:09:00",
        "tgl_selesai": "2026-02-09 15:09:00",
        "jenis_produksi": "JENPRO_CvqFr4RXcmRx2ys9tuXMhlUIKSgYA",
        "jenis_pengerjaan": "JENPRO_e5MNat4PRs4jHyno7OeQcK558eSgYA",
        "prioritas_produksi": "dgdsgdsgsg",
        "status_spk": "draft",
        "created_by": "US-240820-e7604333-17241258-5e4f5cb"
    }
}
{
    "timestamp": "2026-02-09 15:20:37",
    "type": "db_exception",
    "message": "SQLSTATE[42S22]: Column not found: 1054 Unknown column 'jenis_pengerjaan' in 'field list' (Connection: safaco, SQL: insert into `spk_produksi` (`id_spk_produksi`, `no_spk`, `nama_spk`, `tgl_spk`, `tgl_mulai`, `tgl_akhir`, `jenis_produksi`, `jenis_pengerjaan`, `prioritas_produksi`, `status_spk`, `created_by`) values (SPK_TGUJyBGLJd1MttSmNoxxVPbs9fSgYA, 001\/SPK\/XII\/2025, 001, 04\/12\/2025, 2026-02-09 15:20:00, ?, JENPRO_CvqFr4RXcmRx2ys9tuXMhlUIKSgYA, JENPRO_e5MNat4PRs4jHyno7OeQcK558eSgYA, dgdsgdsgsg, draft, US-240820-e7604333-17241258-5e4f5cb))",
    "code": "42S22",
    "file": "D:\\laragon\\www\\SSO-KARSA\\sistem-safaco\\public\\vendor\\illuminate\\database\\Connection.php",
    "line": 822,
    "sql_state": null,
    "post_data": {
        "id_spk_produksi": "SPK_TGUJyBGLJd1MttSmNoxxVPbs9fSgYA",
        "routes": "spk-produksi",
        "action": "-nbitPWxJ9qswI9Hy473QwipZKHAknU7hF5t5s8XWjE",
        "csrf_token": "6e4efe0e281c4b7069b5c86aa9b057ef",
        "no_spk": "001\/SPK\/XII\/2025",
        "nama_spk": "001",
        "tgl_spk": "04\/12\/2025",
        "tgl_mulai": "2026-02-09T15:20",
        "tgl_selesai": "2026-02-09T15:20",
        "jenis_produksi": "JENPRO_CvqFr4RXcmRx2ys9tuXMhlUIKSgYA",
        "jenis_pengerjaan": "JENPRO_e5MNat4PRs4jHyno7OeQcK558eSgYA",
        "prioritas_produksi": "dgdsgdsgsg",
        "status": "draft",
        "honeypot": ""
    },
    "insert_data": {
        "id_spk_produksi": "SPK_TGUJyBGLJd1MttSmNoxxVPbs9fSgYA",
        "no_spk": "001\/SPK\/XII\/2025",
        "nama_spk": "001",
        "tgl_spk": "04\/12\/2025",
        "tgl_mulai": "2026-02-09 15:20:00",
        "tgl_akhir": null,
        "jenis_produksi": "JENPRO_CvqFr4RXcmRx2ys9tuXMhlUIKSgYA",
        "jenis_pengerjaan": "JENPRO_e5MNat4PRs4jHyno7OeQcK558eSgYA",
        "prioritas_produksi": "dgdsgdsgsg",
        "status_spk": "draft",
        "created_by": "US-240820-e7604333-17241258-5e4f5cb"
    }
}
{
    "timestamp": "2026-02-09 15:23:28",
    "type": "db_exception",
    "message": "SQLSTATE[23000]: Integrity constraint violation: 1048 Column 'tgl_akhir' cannot be null (Connection: safaco, SQL: insert into `spk_produksi` (`id_spk_produksi`, `no_spk`, `nama_spk`, `tgl_spk`, `tgl_mulai`, `tgl_akhir`, `jenis_produksi`, `jenis_pengerjaan`, `prioritas_produksi`, `status_spk`, `created_by`) values (SPK_TGUJyBGLJd1MttSmNoxxVPbs9fSgYA, 001\/SPK\/XII\/2025, 001, 04\/12\/2025, 2026-02-09 15:20:00, ?, JENPRO_CvqFr4RXcmRx2ys9tuXMhlUIKSgYA, JENPRO_e5MNat4PRs4jHyno7OeQcK558eSgYA, dgdsgdsgsg, draft, US-240820-e7604333-17241258-5e4f5cb))",
    "code": "23000",
    "file": "D:\\laragon\\www\\SSO-KARSA\\sistem-safaco\\public\\vendor\\illuminate\\database\\Connection.php",
    "line": 822,
    "sql_state": null,
    "post_data": {
        "id_spk_produksi": "SPK_TGUJyBGLJd1MttSmNoxxVPbs9fSgYA",
        "routes": "spk-produksi",
        "action": "-nbitPWxJ9qswI9Hy473QwipZKHAknU7hF5t5s8XWjE",
        "csrf_token": "6e4efe0e281c4b7069b5c86aa9b057ef",
        "no_spk": "001\/SPK\/XII\/2025",
        "nama_spk": "001",
        "tgl_spk": "04\/12\/2025",
        "tgl_mulai": "2026-02-09T15:20",
        "tgl_selesai": "2026-02-09T15:20",
        "jenis_produksi": "JENPRO_CvqFr4RXcmRx2ys9tuXMhlUIKSgYA",
        "jenis_pengerjaan": "JENPRO_e5MNat4PRs4jHyno7OeQcK558eSgYA",
        "prioritas_produksi": "dgdsgdsgsg",
        "status": "draft",
        "honeypot": ""
    },
    "insert_data": {
        "id_spk_produksi": "SPK_TGUJyBGLJd1MttSmNoxxVPbs9fSgYA",
        "no_spk": "001\/SPK\/XII\/2025",
        "nama_spk": "001",
        "tgl_spk": "04\/12\/2025",
        "tgl_mulai": "2026-02-09 15:20:00",
        "tgl_akhir": null,
        "jenis_produksi": "JENPRO_CvqFr4RXcmRx2ys9tuXMhlUIKSgYA",
        "jenis_pengerjaan": "JENPRO_e5MNat4PRs4jHyno7OeQcK558eSgYA",
        "prioritas_produksi": "dgdsgdsgsg",
        "status_spk": "draft",
        "created_by": "US-240820-e7604333-17241258-5e4f5cb"
    }
}
