{
    "timestamp": "2026-02-11 08:32:56",
    "type": "validation_error",
    "ip_address": "::1",
    "user_agent": "Mozilla\/5.0 (Windows NT 10.0; Win64; x64) AppleWebKit\/537.36 (KHTML, like Gecko) Chrome\/144.0.0.0 Safari\/537.36",
    "post_data": {
        "id_spk_produksi": "0FXxOJg4Djg1KT_8Sxq8217UAsMMMM_Zb0SKt_qsRnXdqtVJkCkg5qgLFz4AeGq_fpUaAu7_VkHt320N08raKQ",
        "routes": "spk-produksi",
        "action": "iP7tHHaDyLiLzTUyBBFTSXnny2Ke6dml8osxfeQqk58",
        "csrf_token": "2ef728b38d1e8ab5d57613119a19eb80",
        "no_spk": "001\/SPK\/II\/2026",
        "nama_spk": "AAAA",
        "tgl_spk": "2026-02-10",
        "tgl_mulai": "2026-02-09T00:00",
        "tgl_akhir": "2026-02-09T00:00",
        "id_jenis_produksi": "JENPRO_CvqFr4RXcmRx2ys9tuXMhlUIKSgYA",
        "id_jenis_pengerjaan": "JENPRO_e5MNat4PRs4jHyno7OeQcK558eSgYA",
        "prioritas_produksi": "Low",
        "honeypot": ""
    },
    "errors": [
        "Status wajib diisi."
    ]
}

