{
    "timestamp": "2025-09-24 16:40:04",
    "type": "validation_error",
    "ip_address": "::1",
    "user_agent": "Mozilla\/5.0 (Windows NT 10.0; Win64; x64) AppleWebKit\/537.36 (KHTML, like Gecko) Chrome\/140.0.0.0 Safari\/537.36",
    "post_data": {
        "id_produk": "iK95afgwTmz_T3t4p1i-EMY-nKdNxIjNbp2ksEIbxj2L6u_nb9IhpD7rZQAYPLB0B9mysSR4tVbG7A5aUz1kpg",
        "routes": "produk",
        "action": "B3_ACWaq3wLUzd70dICeeLOWgq0uzUVbRffPyfRF1sQ",
        "csrf_token": "6c8f0347b95ebb219a9a285d676fb281",
        "id_produk_master": "PM_sPJVwIDMk9Hl36JQwiKA9BgA",
        "kode_produk": "TesterIT23456789",
        "kode_katalog": "15-300",
        "nama_produk": "Tester Produk",
        "id_kategori_produk": "KP_axlEyTsKfzNKY9SMn5tIEdc7BgA",
        "harga": "10.000",
        "satuan_produk": "pcs",
        "id_kategori_penjualan": "KAT_JUAL_ggfM7FEgprG47fS3YjIfDq6UdXNPQYA",
        "id_grade_produk": "GRD_TrpFlISyDI3zLPv4MZnksXr3iLRPgYA",
        "id_lokasi": "LOK_CfnivUwFfur0NLJics0D1IuXpS1PQYA",
        "deskripsi_produk": "<p>Dengan Scissors ini, alat-alat penting Anda tetap terorganisir dan siap digunakan kapan pun dibutuhkan.<\/p>",
        "honeypot": ""
    },
    "errors": [
        "ID produk maksimal 50 karakter."
    ]
}

