{
    "timestamp": "2025-09-08 16:27:32",
    "type": "validation_error",
    "ip_address": "::1",
    "user_agent": "Mozilla\/5.0 (Windows NT 10.0; Win64; x64) AppleWebKit\/537.36 (KHTML, like Gecko) Chrome\/139.0.0.0 Safari\/537.36",
    "post_data": {
        "id_produk": "PRD_vB9wp1hsn5r4dzV5fToGNxxWl8pGPgYA",
        "action": "NQ7A0q6VrKU1GbC0zJM5pYQTXU5ba573iv8BrkOXgSU",
        "csrf_token": "5723cd0a85587add56d5f00efa90ccf0",
        "id_produk_master": "PM_sPJVwIDMk9Hl36JQwiKA9BgA",
        "kode_produk": "TesterIT23",
        "nama_produk": "Tester Produk",
        "id_kategori": "KP_axlEyTsKfzNKY9SMn5tIEdc7BgA",
        "satuan_produk": "pcs",
        "id_kategori_penjualan": "KAT_JUAL_RtsKo9ICUYX6sy86WPcDPtSXOPQYA",
        "id_grade": "GRD_ZM1x1RyJtOQUha3nzaTa9GtU6zfMPQYA",
        "id_lokasi": "LOK_CfnivUwFfur0NLJics0D1IuXpS1PQYA",
        "deskripsi": "<p>Dengan Scissors ini, alat-alat penting Anda tetap terorganisir dan siap digunakan kapan pun dibutuhkan.<\/p>",
        "MAX_FILE_SIZE": "10485760",
        "honeypot": ""
    },
    "errors": [
        "Kategori produk wajib diisi.",
        "Kategori penjualan produk wajib diisi.",
        "Grade produk wajib diisi."
    ]
}

{
    "timestamp": "2025-09-08 16:29:13",
    "type": "validation_error",
    "ip_address": "::1",
    "user_agent": "Mozilla\/5.0 (Windows NT 10.0; Win64; x64) AppleWebKit\/537.36 (KHTML, like Gecko) Chrome\/139.0.0.0 Safari\/537.36",
    "post_data": {
        "id_produk": "PRD_IQF3ZSuMKb8GFcbakRcRldW9BGPgYA",
        "action": "mSO-J4sMacd2hhsubCAlFECKaTrEP3tSWMpunjsas7A",
        "csrf_token": "39ebfb0b9e3d36171c7976ab73f20e8c",
        "id_produk_master": "PRD_rE2SHuDoUWEc9viWd0lwFkwBgA",
        "kode_produk": "TesterIT23",
        "nama_produk": "Tester Produk",
        "id_kategori": "KP_axlEyTsKfzNKY9SMn5tIEdc7BgA",
        "satuan_produk": "pcs",
        "id_kategori_penjualan": "KAT_JUAL_RtsKo9ICUYX6sy86WPcDPtSXOPQYA",
        "id_grade": "GRD_ZM1x1RyJtOQUha3nzaTa9GtU6zfMPQYA",
        "id_lokasi": "LOK_CfnivUwFfur0NLJics0D1IuXpS1PQYA",
        "deskripsi": "<p>Wallet \/ Tas Instrument adalah solusi praktis dan elegan untuk menyimpan serta melindungi berbagai peralatan kecil seperti alat musik, perkakas presisi, atau instrumen medis. Didesain dengan material berkualitas tinggi, tas ini menawarkan daya tahan yang optimal sekaligus tampilan yang profesional.<\/p>",
        "MAX_FILE_SIZE": "10485760",
        "honeypot": ""
    },
    "errors": [
        "Kategori produk wajib diisi.",
        "Kategori penjualan produk wajib diisi.",
        "Grade produk wajib diisi."
    ]
}

