{
    "timestamp": "2025-09-09 08:50:11",
    "type": "validation_error",
    "ip_address": "::1",
    "user_agent": "Mozilla\/5.0 (Windows NT 10.0; Win64; x64) AppleWebKit\/537.36 (KHTML, like Gecko) Chrome\/139.0.0.0 Safari\/537.36",
    "post_data": {
        "id_produk": "PRD_J3MODN2w88cSpZqWxqtWgweAp4JUPgYA",
        "action": "jGODvs-Q9npq0uaV0Ng6J3Ze_KgxDpcwNle6MRilnBE",
        "csrf_token": "94376bc7fb236d0120045067727e488f",
        "id_produk_master": "PM_sPJVwIDMk9Hl36JQwiKA9BgA",
        "kode_produk": "TesterIT23",
        "nama_produk": "Tester Produk",
        "id_kategori_produk": "KP_axlEyTsKfzNKY9SMn5tIEdc7BgA",
        "satuan_produk": "pcs",
        "id_kategori_penjualan": "KAT_JUAL_RtsKo9ICUYX6sy86WPcDPtSXOPQYA",
        "id_grade_produk": "GRD_ZM1x1RyJtOQUha3nzaTa9GtU6zfMPQYA",
        "id_lokasi": "LOK_DfzwcJzZ55yZAtKQJnithUUvqci5PQYA",
        "deskripsi_produk": "<p>Dengan Scissors ini, alat-alat penting Anda tetap terorganisir dan siap digunakan kapan pun dibutuhkan.<\/p>",
        "MAX_FILE_SIZE": "10485760",
        "honeypot": ""
    },
    "errors": [
        "Deskripsi wajib diisi."
    ]
}

